<html>
<body>
<pre>
<h1>µVision Build Log</h1>
<h2>Project:</h2>
D:\Google Drive\workspace\KEIL\template\template.uvproj
Project File Date:  02/02/2013

<h2>Output:</h2>
Rebuild target 'temple'
compiling main.c...
compiling misc.c...
compiling stm32f10x_adc.c...
compiling stm32f10x_bkp.c...
compiling stm32f10x_can.c...
compiling stm32f10x_cec.c...
compiling stm32f10x_crc.c...
compiling stm32f10x_dac.c...
compiling stm32f10x_dbgmcu.c...
compiling stm32f10x_dma.c...
compiling stm32f10x_exti.c...
compiling stm32f10x_flash.c...
compiling stm32f10x_fsmc.c...
compiling stm32f10x_gpio.c...
compiling stm32f10x_i2c.c...
compiling stm32f10x_iwdg.c...
compiling stm32f10x_pwr.c...
compiling stm32f10x_rcc.c...
compiling stm32f10x_rtc.c...
compiling stm32f10x_sdio.c...
compiling stm32f10x_spi.c...
compiling stm32f10x_tim.c...
compiling stm32f10x_usart.c...
compiling stm32f10x_wwdg.c...
compiling stm32f10x_it.c...
compiling core_cm3.c...
compiling system_stm32f10x.c...
assembling startup_stm32f10x_hd.s...
linking...
.\obj\template.axf: Error: L6218E: Undefined symbol main (referred from rtentry2.o).
Target not created
Build target 'temple'
compiling main.c...
app\main.c(1): warning:  #951-D: return type of function "main" must be "int"
app\main.c(3): warning:  #1-D: last line of file ends without a newline
linking...
Program Size: Code=820 RO-data=336 RW-data=20 ZI-data=1636  
FromELF: creating hex file...
".\obj\template.axf" - 0 Error(s), 2 Warning(s).
Build target 'temple'
compiling main.c...
linking...
Program Size: Code=820 RO-data=336 RW-data=20 ZI-data=1636  
FromELF: creating hex file...
".\obj\template.axf" - 0 Error(s), 0 Warning(s).
Build target 'temple'
linking...
Program Size: Code=820 RO-data=336 RW-data=20 ZI-data=1636  
FromELF: creating hex file...
".\obj\template.axf" - 0 Error(s), 0 Warning(s).
Build target 'temple'
compiling main.c...
linking...
Program Size: Code=820 RO-data=336 RW-data=20 ZI-data=1636  
FromELF: creating hex file...
".\obj\template.axf" - 0 Error(s), 0 Warning(s).
Build target 'temple'
compiling main.c...
app\main.c(4): error:  #29: expected an expression
Target not created
Build target 'temple'
compiling main.c...
linking...
Program Size: Code=820 RO-data=336 RW-data=20 ZI-data=1636  
FromELF: creating hex file...
".\obj\template.axf" - 0 Error(s), 0 Warning(s).
Build target 'temple'
linking...
Program Size: Code=820 RO-data=336 RW-data=20 ZI-data=1636  
FromELF: creating hex file...
".\obj\template.axf" - 0 Error(s), 0 Warning(s).
Build target 'temple'
linking...
Program Size: Code=820 RO-data=336 RW-data=20 ZI-data=1636  
FromELF: creating hex file...
".\obj\template.axf" - 0 Error(s), 0 Warning(s).
