ARM Linker, 5.02 [Build 28] [MDK-ARM Professional]

==============================================================================

Section Cross References

    main.o(.text) refers to os_cpu_c.o(.text) for OS_CPU_SysTickInit
    main.o(.text) refers to os_core.o(.text) for OSStatInit
    main.o(.text) refers to sci.o(.text) for USART1_Config
    main.o(.text) refers to os_time.o(.text) for OSTimeDly
    main.o(.text) refers to printfb.o(i.__0printf$bare) for __2printf
    main.o(.text) refers to cpu_a.o(.text) for IntDisAll
    main.o(.text) refers to os_task.o(.text) for OSTaskCreateExt
    main.o(.text) refers to main.o(.bss) for AppTaskStartStk
    sci.o(.text) refers to stm32f10x_rcc.o(.text) for RCC_APB2PeriphClockCmd
    sci.o(.text) refers to stm32f10x_gpio.o(.text) for GPIO_Init
    sci.o(.text) refers to stm32f10x_usart.o(.text) for USART_Init
    startup_stm32f10x_hd.o(RESET) refers to startup_stm32f10x_hd.o(STACK) for __initial_sp
    startup_stm32f10x_hd.o(RESET) refers to startup_stm32f10x_hd.o(.text) for Reset_Handler
    startup_stm32f10x_hd.o(RESET) refers to stm32f10x_it.o(.text) for NMI_Handler
    startup_stm32f10x_hd.o(RESET) refers to os_cpu_a.o(.text) for OS_CPU_PendSVHandler
    startup_stm32f10x_hd.o(RESET) refers to os_cpu_c.o(.text) for OS_CPU_SysTickHandler
    startup_stm32f10x_hd.o(.text) refers to system_stm32f10x.o(.text) for SystemInit
    startup_stm32f10x_hd.o(.text) refers to entry.o(.ARM.Collect$$$$00000000) for __main
    os_cpu_c.o(.text) refers to app_hooks.o(.text) for App_TaskCreateHook
    os_cpu_c.o(.text) refers to os_tmr.o(.text) for OSTmrSignal
    os_cpu_c.o(.text) refers to os_cpu_a.o(.text) for OS_CPU_SR_Save
    os_cpu_c.o(.text) refers to os_core.o(.text) for OSTimeTick
    os_cpu_c.o(.text) refers to os_cpu_c.o(.data) for OSTmrCtr
    os_cpu_c.o(.text) refers to os_core.o(.data) for OSIntNesting
    os_cpu_a.o(.text) refers to os_core.o(.data) for OSRunning
    os_cpu_a.o(.text) refers to os_cpu_c.o(.text) for OSTaskSwHook
    os_dbg.o(.text) refers to os_dbg.o(.constdata) for OSDebugEn
    os_core.o(.text) refers to os_cpu_a.o(.text) for OS_CPU_SR_Save
    os_core.o(.text) refers to os_core.o(.data) for OSIntNesting
    os_core.o(.text) refers to os_core.o(.constdata) for OSUnMapTbl
    os_core.o(.text) refers to os_core.o(.bss) for OSTCBPrioTbl
    os_core.o(.text) refers to os_task.o(.text) for OSTaskStkChk
    os_core.o(.text) refers to os_time.o(.text) for OSTimeDly
    os_core.o(.text) refers to os_cpu_c.o(.text) for OSTaskStatHook
    os_core.o(.text) refers to os_flag.o(.text) for OS_FlagInit
    os_core.o(.text) refers to os_mem.o(.text) for OS_MemInit
    os_core.o(.text) refers to os_q.o(.text) for OS_QInit
    os_core.o(.text) refers to os_tmr.o(.text) for OSTmr_Init
    os_core.o(.text) refers to os_dbg.o(.text) for OSDebugInit
    os_flag.o(.text) refers to os_cpu_a.o(.text) for OS_CPU_SR_Save
    os_flag.o(.text) refers to os_core.o(.text) for OS_Sched
    os_flag.o(.text) refers to os_core.o(.data) for OSIntNesting
    os_flag.o(.text) refers to os_core.o(.bss) for OSFlagTbl
    os_mbox.o(.text) refers to os_cpu_a.o(.text) for OS_CPU_SR_Save
    os_mbox.o(.text) refers to os_core.o(.text) for OS_EventWaitListInit
    os_mbox.o(.text) refers to os_core.o(.data) for OSIntNesting
    os_mem.o(.text) refers to os_cpu_a.o(.text) for OS_CPU_SR_Save
    os_mem.o(.text) refers to os_core.o(.text) for OS_StrCopy
    os_mem.o(.text) refers to os_core.o(.data) for OSMemFreeList
    os_mem.o(.text) refers to os_core.o(.bss) for OSMemTbl
    os_mutex.o(.text) refers to os_cpu_a.o(.text) for OS_CPU_SR_Save
    os_mutex.o(.text) refers to os_core.o(.text) for OS_EventWaitListInit
    os_mutex.o(.text) refers to os_core.o(.data) for OSIntNesting
    os_mutex.o(.text) refers to os_core.o(.bss) for OSTCBPrioTbl
    os_q.o(.text) refers to os_cpu_a.o(.text) for OS_CPU_SR_Save
    os_q.o(.text) refers to os_core.o(.text) for OS_EventWaitListInit
    os_q.o(.text) refers to os_core.o(.data) for OSIntNesting
    os_q.o(.text) refers to os_core.o(.bss) for OSQTbl
    os_sem.o(.text) refers to os_cpu_a.o(.text) for OS_CPU_SR_Save
    os_sem.o(.text) refers to os_core.o(.text) for OS_EventWaitListInit
    os_sem.o(.text) refers to os_core.o(.data) for OSIntNesting
    os_task.o(.text) refers to os_cpu_a.o(.text) for OS_CPU_SR_Save
    os_task.o(.text) refers to os_core.o(.text) for OS_Sched
    os_task.o(.text) refers to os_cpu_c.o(.text) for OSTaskStkInit
    os_task.o(.text) refers to os_flag.o(.text) for OS_FlagUnlink
    os_task.o(.text) refers to os_core.o(.bss) for OSTCBPrioTbl
    os_task.o(.text) refers to os_core.o(.data) for OSTCBCur
    os_time.o(.text) refers to os_cpu_a.o(.text) for OS_CPU_SR_Save
    os_time.o(.text) refers to os_core.o(.text) for OS_Sched
    os_time.o(.text) refers to os_core.o(.data) for OSIntNesting
    os_time.o(.text) refers to os_core.o(.bss) for OSTCBPrioTbl
    os_tmr.o(.text) refers to os_sem.o(.text) for OSSemPost
    os_tmr.o(.text) refers to os_core.o(.text) for OS_StrLen
    os_tmr.o(.text) refers to os_core.o(.data) for OSTmrSem
    os_tmr.o(.text) refers to os_core.o(.bss) for OSTmrWheelTbl
    os_tmr.o(.text) refers to os_task.o(.text) for OSTaskCreateExt
    system_stm32f10x.o(.text) refers to system_stm32f10x.o(.data) for SystemCoreClock
    stm32f10x_adc.o(.text) refers to stm32f10x_rcc.o(.text) for RCC_APB2PeriphResetCmd
    stm32f10x_bkp.o(.text) refers to stm32f10x_rcc.o(.text) for RCC_BackupResetCmd
    stm32f10x_can.o(.text) refers to stm32f10x_rcc.o(.text) for RCC_APB1PeriphResetCmd
    stm32f10x_cec.o(.text) refers to stm32f10x_rcc.o(.text) for RCC_APB1PeriphResetCmd
    stm32f10x_dac.o(.text) refers to stm32f10x_rcc.o(.text) for RCC_APB1PeriphResetCmd
    stm32f10x_gpio.o(.text) refers to stm32f10x_rcc.o(.text) for RCC_APB2PeriphResetCmd
    stm32f10x_i2c.o(.text) refers to stm32f10x_rcc.o(.text) for RCC_APB1PeriphResetCmd
    stm32f10x_pwr.o(.text) refers to stm32f10x_rcc.o(.text) for RCC_APB1PeriphResetCmd
    stm32f10x_rcc.o(.text) refers to stm32f10x_rcc.o(.data) for APBAHBPrescTable
    stm32f10x_spi.o(.text) refers to stm32f10x_rcc.o(.text) for RCC_APB2PeriphResetCmd
    stm32f10x_tim.o(.text) refers to stm32f10x_rcc.o(.text) for RCC_APB2PeriphResetCmd
    stm32f10x_usart.o(.text) refers to stm32f10x_rcc.o(.text) for RCC_APB2PeriphResetCmd
    stm32f10x_wwdg.o(.text) refers to stm32f10x_rcc.o(.text) for RCC_APB1PeriphResetCmd
    entry.o(.ARM.Collect$$$$00000000) refers (Special) to entry7b.o(.ARM.Collect$$$$00000008) for _main_clock
    entry.o(.ARM.Collect$$$$00000000) refers (Special) to entry8.o(.ARM.Collect$$$$00000009) for _main_init
    entry.o(.ARM.Collect$$$$00000000) refers (Special) to entry5.o(.ARM.Collect$$$$00000004) for _main_scatterload
    entry.o(.ARM.Collect$$$$00000000) refers (Special) to entry2.o(.ARM.Collect$$$$00000001) for _main_stk
    printfb.o(i.__0fprintf$bare) refers to printfb.o(i._printf_core) for _printf_core
    printfb.o(i.__0fprintf$bare) refers to sci.o(.text) for fputc
    printfb.o(i.__0printf$bare) refers to printfb.o(i._printf_core) for _printf_core
    printfb.o(i.__0printf$bare) refers to sci.o(.text) for fputc
    printfb.o(i.__0printf$bare) refers to stdout.o(.data) for __stdout
    printfb.o(i.__0snprintf$bare) refers to printfb.o(i._printf_core) for _printf_core
    printfb.o(i.__0snprintf$bare) refers to printfb.o(i._snputc) for _snputc
    printfb.o(i.__0sprintf$bare) refers to printfb.o(i._printf_core) for _printf_core
    printfb.o(i.__0sprintf$bare) refers to printfb.o(i._sputc) for _sputc
    printfb.o(i.__0vfprintf$bare) refers to printfb.o(i._printf_core) for _printf_core
    printfb.o(i.__0vfprintf$bare) refers to sci.o(.text) for fputc
    printfb.o(i.__0vprintf$bare) refers to printfb.o(i._printf_core) for _printf_core
    printfb.o(i.__0vprintf$bare) refers to sci.o(.text) for fputc
    printfb.o(i.__0vprintf$bare) refers to stdout.o(.data) for __stdout
    printfb.o(i.__0vsnprintf$bare) refers to printfb.o(i._printf_core) for _printf_core
    printfb.o(i.__0vsnprintf$bare) refers to printfb.o(i._snputc) for _snputc
    printfb.o(i.__0vsprintf$bare) refers to printfb.o(i._printf_core) for _printf_core
    printfb.o(i.__0vsprintf$bare) refers to printfb.o(i._sputc) for _sputc
    printf0.o(i.__0fprintf$0) refers to printf0.o(i._printf_core) for _printf_core
    printf0.o(i.__0fprintf$0) refers to sci.o(.text) for fputc
    printf0.o(i.__0printf$0) refers to printf0.o(i._printf_core) for _printf_core
    printf0.o(i.__0printf$0) refers to sci.o(.text) for fputc
    printf0.o(i.__0printf$0) refers to stdout.o(.data) for __stdout
    printf0.o(i.__0snprintf$0) refers to printf0.o(i._printf_core) for _printf_core
    printf0.o(i.__0snprintf$0) refers to printf0.o(i._snputc) for _snputc
    printf0.o(i.__0sprintf$0) refers to printf0.o(i._printf_core) for _printf_core
    printf0.o(i.__0sprintf$0) refers to printf0.o(i._sputc) for _sputc
    printf0.o(i.__0vfprintf$0) refers to printf0.o(i._printf_core) for _printf_core
    printf0.o(i.__0vfprintf$0) refers to sci.o(.text) for fputc
    printf0.o(i.__0vprintf$0) refers to printf0.o(i._printf_core) for _printf_core
    printf0.o(i.__0vprintf$0) refers to sci.o(.text) for fputc
    printf0.o(i.__0vprintf$0) refers to stdout.o(.data) for __stdout
    printf0.o(i.__0vsnprintf$0) refers to printf0.o(i._printf_core) for _printf_core
    printf0.o(i.__0vsnprintf$0) refers to printf0.o(i._snputc) for _snputc
    printf0.o(i.__0vsprintf$0) refers to printf0.o(i._printf_core) for _printf_core
    printf0.o(i.__0vsprintf$0) refers to printf0.o(i._sputc) for _sputc
    printf1.o(i.__0fprintf$1) refers to printf1.o(i._printf_core) for _printf_core
    printf1.o(i.__0fprintf$1) refers to sci.o(.text) for fputc
    printf1.o(i.__0printf$1) refers to printf1.o(i._printf_core) for _printf_core
    printf1.o(i.__0printf$1) refers to sci.o(.text) for fputc
    printf1.o(i.__0printf$1) refers to stdout.o(.data) for __stdout
    printf1.o(i.__0snprintf$1) refers to printf1.o(i._printf_core) for _printf_core
    printf1.o(i.__0snprintf$1) refers to printf1.o(i._snputc) for _snputc
    printf1.o(i.__0sprintf$1) refers to printf1.o(i._printf_core) for _printf_core
    printf1.o(i.__0sprintf$1) refers to printf1.o(i._sputc) for _sputc
    printf1.o(i.__0vfprintf$1) refers to printf1.o(i._printf_core) for _printf_core
    printf1.o(i.__0vfprintf$1) refers to sci.o(.text) for fputc
    printf1.o(i.__0vprintf$1) refers to printf1.o(i._printf_core) for _printf_core
    printf1.o(i.__0vprintf$1) refers to sci.o(.text) for fputc
    printf1.o(i.__0vprintf$1) refers to stdout.o(.data) for __stdout
    printf1.o(i.__0vsnprintf$1) refers to printf1.o(i._printf_core) for _printf_core
    printf1.o(i.__0vsnprintf$1) refers to printf1.o(i._snputc) for _snputc
    printf1.o(i.__0vsprintf$1) refers to printf1.o(i._printf_core) for _printf_core
    printf1.o(i.__0vsprintf$1) refers to printf1.o(i._sputc) for _sputc
    printf1.o(i._printf_core) refers to uidiv.o(.text) for __aeabi_uidivmod
    printf2.o(i.__0fprintf$2) refers to printf2.o(i._printf_core) for _printf_core
    printf2.o(i.__0fprintf$2) refers to sci.o(.text) for fputc
    printf2.o(i.__0printf$2) refers to printf2.o(i._printf_core) for _printf_core
    printf2.o(i.__0printf$2) refers to sci.o(.text) for fputc
    printf2.o(i.__0printf$2) refers to stdout.o(.data) for __stdout
    printf2.o(i.__0snprintf$2) refers to printf2.o(i._printf_core) for _printf_core
    printf2.o(i.__0snprintf$2) refers to printf2.o(i._snputc) for _snputc
    printf2.o(i.__0sprintf$2) refers to printf2.o(i._printf_core) for _printf_core
    printf2.o(i.__0sprintf$2) refers to printf2.o(i._sputc) for _sputc
    printf2.o(i.__0vfprintf$2) refers to printf2.o(i._printf_core) for _printf_core
    printf2.o(i.__0vfprintf$2) refers to sci.o(.text) for fputc
    printf2.o(i.__0vprintf$2) refers to printf2.o(i._printf_core) for _printf_core
    printf2.o(i.__0vprintf$2) refers to sci.o(.text) for fputc
    printf2.o(i.__0vprintf$2) refers to stdout.o(.data) for __stdout
    printf2.o(i.__0vsnprintf$2) refers to printf2.o(i._printf_core) for _printf_core
    printf2.o(i.__0vsnprintf$2) refers to printf2.o(i._snputc) for _snputc
    printf2.o(i.__0vsprintf$2) refers to printf2.o(i._printf_core) for _printf_core
    printf2.o(i.__0vsprintf$2) refers to printf2.o(i._sputc) for _sputc
    printf3.o(i.__0fprintf$3) refers to printf3.o(i._printf_core) for _printf_core
    printf3.o(i.__0fprintf$3) refers to sci.o(.text) for fputc
    printf3.o(i.__0printf$3) refers to printf3.o(i._printf_core) for _printf_core
    printf3.o(i.__0printf$3) refers to sci.o(.text) for fputc
    printf3.o(i.__0printf$3) refers to stdout.o(.data) for __stdout
    printf3.o(i.__0snprintf$3) refers to printf3.o(i._printf_core) for _printf_core
    printf3.o(i.__0snprintf$3) refers to printf3.o(i._snputc) for _snputc
    printf3.o(i.__0sprintf$3) refers to printf3.o(i._printf_core) for _printf_core
    printf3.o(i.__0sprintf$3) refers to printf3.o(i._sputc) for _sputc
    printf3.o(i.__0vfprintf$3) refers to printf3.o(i._printf_core) for _printf_core
    printf3.o(i.__0vfprintf$3) refers to sci.o(.text) for fputc
    printf3.o(i.__0vprintf$3) refers to printf3.o(i._printf_core) for _printf_core
    printf3.o(i.__0vprintf$3) refers to sci.o(.text) for fputc
    printf3.o(i.__0vprintf$3) refers to stdout.o(.data) for __stdout
    printf3.o(i.__0vsnprintf$3) refers to printf3.o(i._printf_core) for _printf_core
    printf3.o(i.__0vsnprintf$3) refers to printf3.o(i._snputc) for _snputc
    printf3.o(i.__0vsprintf$3) refers to printf3.o(i._printf_core) for _printf_core
    printf3.o(i.__0vsprintf$3) refers to printf3.o(i._sputc) for _sputc
    printf3.o(i._printf_core) refers to uidiv.o(.text) for __aeabi_uidivmod
    printf4.o(i.__0fprintf$4) refers to printf4.o(i._printf_core) for _printf_core
    printf4.o(i.__0fprintf$4) refers to sci.o(.text) for fputc
    printf4.o(i.__0printf$4) refers to printf4.o(i._printf_core) for _printf_core
    printf4.o(i.__0printf$4) refers to sci.o(.text) for fputc
    printf4.o(i.__0printf$4) refers to stdout.o(.data) for __stdout
    printf4.o(i.__0snprintf$4) refers to printf4.o(i._printf_core) for _printf_core
    printf4.o(i.__0snprintf$4) refers to printf4.o(i._snputc) for _snputc
    printf4.o(i.__0sprintf$4) refers to printf4.o(i._printf_core) for _printf_core
    printf4.o(i.__0sprintf$4) refers to printf4.o(i._sputc) for _sputc
    printf4.o(i.__0vfprintf$4) refers to printf4.o(i._printf_core) for _printf_core
    printf4.o(i.__0vfprintf$4) refers to sci.o(.text) for fputc
    printf4.o(i.__0vprintf$4) refers to printf4.o(i._printf_core) for _printf_core
    printf4.o(i.__0vprintf$4) refers to sci.o(.text) for fputc
    printf4.o(i.__0vprintf$4) refers to stdout.o(.data) for __stdout
    printf4.o(i.__0vsnprintf$4) refers to printf4.o(i._printf_core) for _printf_core
    printf4.o(i.__0vsnprintf$4) refers to printf4.o(i._snputc) for _snputc
    printf4.o(i.__0vsprintf$4) refers to printf4.o(i._printf_core) for _printf_core
    printf4.o(i.__0vsprintf$4) refers to printf4.o(i._sputc) for _sputc
    printf4.o(i._printf_core) refers to uldiv.o(.text) for __aeabi_uldivmod
    printf5.o(i.__0fprintf$5) refers to printf5.o(i._printf_core) for _printf_core
    printf5.o(i.__0fprintf$5) refers to sci.o(.text) for fputc
    printf5.o(i.__0printf$5) refers to printf5.o(i._printf_core) for _printf_core
    printf5.o(i.__0printf$5) refers to sci.o(.text) for fputc
    printf5.o(i.__0printf$5) refers to stdout.o(.data) for __stdout
    printf5.o(i.__0snprintf$5) refers to printf5.o(i._printf_core) for _printf_core
    printf5.o(i.__0snprintf$5) refers to printf5.o(i._snputc) for _snputc
    printf5.o(i.__0sprintf$5) refers to printf5.o(i._printf_core) for _printf_core
    printf5.o(i.__0sprintf$5) refers to printf5.o(i._sputc) for _sputc
    printf5.o(i.__0vfprintf$5) refers to printf5.o(i._printf_core) for _printf_core
    printf5.o(i.__0vfprintf$5) refers to sci.o(.text) for fputc
    printf5.o(i.__0vprintf$5) refers to printf5.o(i._printf_core) for _printf_core
    printf5.o(i.__0vprintf$5) refers to sci.o(.text) for fputc
    printf5.o(i.__0vprintf$5) refers to stdout.o(.data) for __stdout
    printf5.o(i.__0vsnprintf$5) refers to printf5.o(i._printf_core) for _printf_core
    printf5.o(i.__0vsnprintf$5) refers to printf5.o(i._snputc) for _snputc
    printf5.o(i.__0vsprintf$5) refers to printf5.o(i._printf_core) for _printf_core
    printf5.o(i.__0vsprintf$5) refers to printf5.o(i._sputc) for _sputc
    printf5.o(i._printf_core) refers to uldiv.o(.text) for __aeabi_uldivmod
    printf6.o(i.__0fprintf$6) refers to printf6.o(i._printf_core) for _printf_core
    printf6.o(i.__0fprintf$6) refers to sci.o(.text) for fputc
    printf6.o(i.__0printf$6) refers to printf6.o(i._printf_core) for _printf_core
    printf6.o(i.__0printf$6) refers to sci.o(.text) for fputc
    printf6.o(i.__0printf$6) refers to stdout.o(.data) for __stdout
    printf6.o(i.__0snprintf$6) refers to printf6.o(i._printf_core) for _printf_core
    printf6.o(i.__0snprintf$6) refers to printf6.o(i._snputc) for _snputc
    printf6.o(i.__0sprintf$6) refers to printf6.o(i._printf_core) for _printf_core
    printf6.o(i.__0sprintf$6) refers to printf6.o(i._sputc) for _sputc
    printf6.o(i.__0vfprintf$6) refers to printf6.o(i._printf_core) for _printf_core
    printf6.o(i.__0vfprintf$6) refers to sci.o(.text) for fputc
    printf6.o(i.__0vprintf$6) refers to printf6.o(i._printf_core) for _printf_core
    printf6.o(i.__0vprintf$6) refers to sci.o(.text) for fputc
    printf6.o(i.__0vprintf$6) refers to stdout.o(.data) for __stdout
    printf6.o(i.__0vsnprintf$6) refers to printf6.o(i._printf_core) for _printf_core
    printf6.o(i.__0vsnprintf$6) refers to printf6.o(i._snputc) for _snputc
    printf6.o(i.__0vsprintf$6) refers to printf6.o(i._printf_core) for _printf_core
    printf6.o(i.__0vsprintf$6) refers to printf6.o(i._sputc) for _sputc
    printf6.o(i._printf_core) refers to printf6.o(i._printf_pre_padding) for _printf_pre_padding
    printf6.o(i._printf_core) refers to uidiv.o(.text) for __aeabi_uidivmod
    printf6.o(i._printf_core) refers to printf6.o(i._printf_post_padding) for _printf_post_padding
    printf7.o(i.__0fprintf$7) refers to printf7.o(i._printf_core) for _printf_core
    printf7.o(i.__0fprintf$7) refers to sci.o(.text) for fputc
    printf7.o(i.__0printf$7) refers to printf7.o(i._printf_core) for _printf_core
    printf7.o(i.__0printf$7) refers to sci.o(.text) for fputc
    printf7.o(i.__0printf$7) refers to stdout.o(.data) for __stdout
    printf7.o(i.__0snprintf$7) refers to printf7.o(i._printf_core) for _printf_core
    printf7.o(i.__0snprintf$7) refers to printf7.o(i._snputc) for _snputc
    printf7.o(i.__0sprintf$7) refers to printf7.o(i._printf_core) for _printf_core
    printf7.o(i.__0sprintf$7) refers to printf7.o(i._sputc) for _sputc
    printf7.o(i.__0vfprintf$7) refers to printf7.o(i._printf_core) for _printf_core
    printf7.o(i.__0vfprintf$7) refers to sci.o(.text) for fputc
    printf7.o(i.__0vprintf$7) refers to printf7.o(i._printf_core) for _printf_core
    printf7.o(i.__0vprintf$7) refers to sci.o(.text) for fputc
    printf7.o(i.__0vprintf$7) refers to stdout.o(.data) for __stdout
    printf7.o(i.__0vsnprintf$7) refers to printf7.o(i._printf_core) for _printf_core
    printf7.o(i.__0vsnprintf$7) refers to printf7.o(i._snputc) for _snputc
    printf7.o(i.__0vsprintf$7) refers to printf7.o(i._printf_core) for _printf_core
    printf7.o(i.__0vsprintf$7) refers to printf7.o(i._sputc) for _sputc
    printf7.o(i._printf_core) refers to printf7.o(i._printf_pre_padding) for _printf_pre_padding
    printf7.o(i._printf_core) refers to uldiv.o(.text) for __aeabi_uldivmod
    printf7.o(i._printf_core) refers to printf7.o(i._printf_post_padding) for _printf_post_padding
    printf8.o(i.__0fprintf$8) refers to printf8.o(i._printf_core) for _printf_core
    printf8.o(i.__0fprintf$8) refers to sci.o(.text) for fputc
    printf8.o(i.__0printf$8) refers to printf8.o(i._printf_core) for _printf_core
    printf8.o(i.__0printf$8) refers to sci.o(.text) for fputc
    printf8.o(i.__0printf$8) refers to stdout.o(.data) for __stdout
    printf8.o(i.__0snprintf$8) refers to printf8.o(i._printf_core) for _printf_core
    printf8.o(i.__0snprintf$8) refers to printf8.o(i._snputc) for _snputc
    printf8.o(i.__0sprintf$8) refers to printf8.o(i._printf_core) for _printf_core
    printf8.o(i.__0sprintf$8) refers to printf8.o(i._sputc) for _sputc
    printf8.o(i.__0vfprintf$8) refers to printf8.o(i._printf_core) for _printf_core
    printf8.o(i.__0vfprintf$8) refers to sci.o(.text) for fputc
    printf8.o(i.__0vprintf$8) refers to printf8.o(i._printf_core) for _printf_core
    printf8.o(i.__0vprintf$8) refers to sci.o(.text) for fputc
    printf8.o(i.__0vprintf$8) refers to stdout.o(.data) for __stdout
    printf8.o(i.__0vsnprintf$8) refers to printf8.o(i._printf_core) for _printf_core
    printf8.o(i.__0vsnprintf$8) refers to printf8.o(i._snputc) for _snputc
    printf8.o(i.__0vsprintf$8) refers to printf8.o(i._printf_core) for _printf_core
    printf8.o(i.__0vsprintf$8) refers to printf8.o(i._sputc) for _sputc
    printf8.o(i._printf_core) refers to printf8.o(i._printf_pre_padding) for _printf_pre_padding
    printf8.o(i._printf_core) refers to uldiv.o(.text) for __aeabi_uldivmod
    printf8.o(i._printf_core) refers to printf8.o(i._printf_post_padding) for _printf_post_padding
    printfa.o(i.__0fprintf) refers (Special) to iusefp.o(.text) for __I$use$fp
    printfa.o(i.__0fprintf) refers to printfa.o(i._printf_core) for _printf_core
    printfa.o(i.__0fprintf) refers to sci.o(.text) for fputc
    printfa.o(i.__0printf) refers (Special) to iusefp.o(.text) for __I$use$fp
    printfa.o(i.__0printf) refers to printfa.o(i._printf_core) for _printf_core
    printfa.o(i.__0printf) refers to sci.o(.text) for fputc
    printfa.o(i.__0printf) refers to stdout.o(.data) for __stdout
    printfa.o(i.__0snprintf) refers (Special) to iusefp.o(.text) for __I$use$fp
    printfa.o(i.__0snprintf) refers to printfa.o(i._printf_core) for _printf_core
    printfa.o(i.__0snprintf) refers to printfa.o(i._snputc) for _snputc
    printfa.o(i.__0sprintf) refers (Special) to iusefp.o(.text) for __I$use$fp
    printfa.o(i.__0sprintf) refers to printfa.o(i._printf_core) for _printf_core
    printfa.o(i.__0sprintf) refers to printfa.o(i._sputc) for _sputc
    printfa.o(i.__0vfprintf) refers (Special) to iusefp.o(.text) for __I$use$fp
    printfa.o(i.__0vfprintf) refers to printfa.o(i._printf_core) for _printf_core
    printfa.o(i.__0vfprintf) refers to sci.o(.text) for fputc
    printfa.o(i.__0vprintf) refers (Special) to iusefp.o(.text) for __I$use$fp
    printfa.o(i.__0vprintf) refers to printfa.o(i._printf_core) for _printf_core
    printfa.o(i.__0vprintf) refers to sci.o(.text) for fputc
    printfa.o(i.__0vprintf) refers to stdout.o(.data) for __stdout
    printfa.o(i.__0vsnprintf) refers (Special) to iusefp.o(.text) for __I$use$fp
    printfa.o(i.__0vsnprintf) refers to printfa.o(i._printf_core) for _printf_core
    printfa.o(i.__0vsnprintf) refers to printfa.o(i._snputc) for _snputc
    printfa.o(i.__0vsprintf) refers (Special) to iusefp.o(.text) for __I$use$fp
    printfa.o(i.__0vsprintf) refers to printfa.o(i._printf_core) for _printf_core
    printfa.o(i.__0vsprintf) refers to printfa.o(i._sputc) for _sputc
    printfa.o(i._fp_digits) refers (Special) to iusefp.o(.text) for __I$use$fp
    printfa.o(i._fp_digits) refers to dmul.o(.text) for __aeabi_dmul
    printfa.o(i._fp_digits) refers to ddiv.o(.text) for __aeabi_ddiv
    printfa.o(i._fp_digits) refers to cdrcmple.o(.text) for __aeabi_cdrcmple
    printfa.o(i._fp_digits) refers to dadd.o(.text) for __aeabi_dadd
    printfa.o(i._fp_digits) refers to dfixul.o(.text) for __aeabi_d2ulz
    printfa.o(i._fp_digits) refers to uldiv.o(.text) for __aeabi_uldivmod
    printfa.o(i._printf_core) refers (Special) to iusefp.o(.text) for __I$use$fp
    printfa.o(i._printf_core) refers to printfa.o(i._printf_pre_padding) for _printf_pre_padding
    printfa.o(i._printf_core) refers to uldiv.o(.text) for __aeabi_uldivmod
    printfa.o(i._printf_core) refers to printfa.o(i._printf_post_padding) for _printf_post_padding
    printfa.o(i._printf_core) refers to printfa.o(i._fp_digits) for _fp_digits
    printfa.o(i._printf_core) refers to uidiv.o(.text) for __aeabi_uidivmod
    printfa.o(i._printf_post_padding) refers (Special) to iusefp.o(.text) for __I$use$fp
    printfa.o(i._printf_pre_padding) refers (Special) to iusefp.o(.text) for __I$use$fp
    printfa.o(i._snputc) refers (Special) to iusefp.o(.text) for __I$use$fp
    printfa.o(i._sputc) refers (Special) to iusefp.o(.text) for __I$use$fp
    entry2.o(.ARM.Collect$$$$00000001) refers to entry2.o(.ARM.Collect$$$$00002712) for __lit__00000000
    entry2.o(.ARM.Collect$$$$00002712) refers to startup_stm32f10x_hd.o(STACK) for __initial_sp
    entry2.o(__vectab_stack_and_reset_area) refers to startup_stm32f10x_hd.o(STACK) for __initial_sp
    entry2.o(__vectab_stack_and_reset_area) refers to entry.o(.ARM.Collect$$$$00000000) for __main
    entry5.o(.ARM.Collect$$$$00000004) refers to init.o(.text) for __scatterload
    entry8.o(.ARM.Collect$$$$00000009) refers to main.o(.text) for main
    uldiv.o(.text) refers to llushr.o(.text) for __aeabi_llsr
    uldiv.o(.text) refers to llshl.o(.text) for __aeabi_llsl
    dadd.o(.text) refers to llshl.o(.text) for __aeabi_llsl
    dadd.o(.text) refers to llsshr.o(.text) for __aeabi_lasr
    dadd.o(.text) refers to depilogue.o(.text) for _double_epilogue
    dmul.o(.text) refers to depilogue.o(.text) for _double_epilogue
    ddiv.o(.text) refers to depilogue.o(.text) for _double_round
    dfixul.o(.text) refers to llushr.o(.text) for __aeabi_llsr
    dfixul.o(.text) refers to llshl.o(.text) for __aeabi_llsl
    init.o(.text) refers to entry5.o(.ARM.Collect$$$$00000004) for __main_after_scatterload
    depilogue.o(.text) refers to llshl.o(.text) for __aeabi_llsl
    depilogue.o(.text) refers to llushr.o(.text) for __aeabi_llsr


==============================================================================

Removing Unused input sections from the image.

    Removing startup_stm32f10x_hd.o(HEAP), (512 bytes).
    Removing os_mbox.o(.text), (1102 bytes).
    Removing os_mutex.o(.text), (1676 bytes).
    Removing core_cm3.o(.emb_text), (32 bytes).
    Removing misc.o(.text), (220 bytes).
    Removing stm32f10x_adc.o(.text), (1084 bytes).
    Removing stm32f10x_bkp.o(.text), (172 bytes).
    Removing stm32f10x_can.o(.text), (2540 bytes).
    Removing stm32f10x_cec.o(.text), (288 bytes).
    Removing stm32f10x_crc.o(.text), (72 bytes).
    Removing stm32f10x_dac.o(.text), (360 bytes).
    Removing stm32f10x_dbgmcu.o(.text), (48 bytes).
    Removing stm32f10x_dma.o(.text), (592 bytes).
    Removing stm32f10x_exti.o(.text), (284 bytes).
    Removing stm32f10x_flash.o(.text), (1460 bytes).
    Removing stm32f10x_fsmc.o(.text), (1560 bytes).
    Removing stm32f10x_i2c.o(.text), (1004 bytes).
    Removing stm32f10x_iwdg.o(.text), (64 bytes).
    Removing stm32f10x_pwr.o(.text), (204 bytes).
    Removing stm32f10x_rtc.o(.text), (324 bytes).
    Removing stm32f10x_sdio.o(.text), (464 bytes).
    Removing stm32f10x_spi.o(.text), (780 bytes).
    Removing stm32f10x_tim.o(.text), (3610 bytes).
    Removing stm32f10x_wwdg.o(.text), (124 bytes).
    Removing dadd.o(.text), (334 bytes).
    Removing dmul.o(.text), (228 bytes).
    Removing ddiv.o(.text), (222 bytes).
    Removing dfixul.o(.text), (48 bytes).
    Removing cdrcmple.o(.text), (40 bytes).
    Removing depilogue.o(.text), (190 bytes).

30 unused section(s) (total 19638 bytes) removed from the image.

==============================================================================

Image Symbol Table

    Local Symbols

    Symbol Name                              Value     Ov Type        Size  Object(Section)

    ../clib/microlib/division.c              0x00000000   Number         0  uldiv.o ABSOLUTE
    ../clib/microlib/division.c              0x00000000   Number         0  uidiv.o ABSOLUTE
    ../clib/microlib/init/entry.s            0x00000000   Number         0  entry.o ABSOLUTE
    ../clib/microlib/init/entry.s            0x00000000   Number         0  entry7a.o ABSOLUTE
    ../clib/microlib/init/entry.s            0x00000000   Number         0  entry2.o ABSOLUTE
    ../clib/microlib/init/entry.s            0x00000000   Number         0  entry8.o ABSOLUTE
    ../clib/microlib/init/entry.s            0x00000000   Number         0  entry7b.o ABSOLUTE
    ../clib/microlib/init/entry.s            0x00000000   Number         0  entry5.o ABSOLUTE
    ../clib/microlib/longlong.c              0x00000000   Number         0  llshl.o ABSOLUTE
    ../clib/microlib/longlong.c              0x00000000   Number         0  llsshr.o ABSOLUTE
    ../clib/microlib/longlong.c              0x00000000   Number         0  llushr.o ABSOLUTE
    ../clib/microlib/printf/printf.c         0x00000000   Number         0  printf4.o ABSOLUTE
    ../clib/microlib/printf/printf.c         0x00000000   Number         0  printf5.o ABSOLUTE
    ../clib/microlib/printf/printf.c         0x00000000   Number         0  printf7.o ABSOLUTE
    ../clib/microlib/printf/printf.c         0x00000000   Number         0  printf8.o ABSOLUTE
    ../clib/microlib/printf/printf.c         0x00000000   Number         0  printfa.o ABSOLUTE
    ../clib/microlib/printf/printf.c         0x00000000   Number         0  printf6.o ABSOLUTE
    ../clib/microlib/printf/printf.c         0x00000000   Number         0  printf3.o ABSOLUTE
    ../clib/microlib/printf/printf.c         0x00000000   Number         0  printf2.o ABSOLUTE
    ../clib/microlib/printf/printf.c         0x00000000   Number         0  printf1.o ABSOLUTE
    ../clib/microlib/printf/printf.c         0x00000000   Number         0  printf0.o ABSOLUTE
    ../clib/microlib/printf/printf.c         0x00000000   Number         0  printfb.o ABSOLUTE
    ../clib/microlib/stdio/streams.c         0x00000000   Number         0  stdout.o ABSOLUTE
    ../clib/microlib/stubs.s                 0x00000000   Number         0  iusefp.o ABSOLUTE
    ../fplib/microlib/fpadd.c                0x00000000   Number         0  dadd.o ABSOLUTE
    ../fplib/microlib/fpdiv.c                0x00000000   Number         0  ddiv.o ABSOLUTE
    ../fplib/microlib/fpepilogue.c           0x00000000   Number         0  depilogue.o ABSOLUTE
    ../fplib/microlib/fpfix.c                0x00000000   Number         0  dfixul.o ABSOLUTE
    ../fplib/microlib/fpmul.c                0x00000000   Number         0  dmul.o ABSOLUTE
    app\app_hooks.c                          0x00000000   Number         0  app_hooks.o ABSOLUTE
    app\main.c                               0x00000000   Number         0  main.o ABSOLUTE
    boot\startup_stm32f10x_hd.s              0x00000000   Number         0  startup_stm32f10x_hd.o ABSOLUTE
    cdrcmple.s                               0x00000000   Number         0  cdrcmple.o ABSOLUTE
    cmsis\\core_cm3.c                        0x00000000   Number         0  core_cm3.o ABSOLUTE
    cmsis\core_cm3.c                         0x00000000   Number         0  core_cm3.o ABSOLUTE
    cmsis\system_stm32f10x.c                 0x00000000   Number         0  system_stm32f10x.o ABSOLUTE
    dc.s                                     0x00000000   Number         0  dc.o ABSOLUTE
    driver\sci.c                             0x00000000   Number         0  sci.o ABSOLUTE
    handlers.s                               0x00000000   Number         0  handlers.o ABSOLUTE
    init.s                                   0x00000000   Number         0  init.o ABSOLUTE
    interrupt\stm32f10x_it.c                 0x00000000   Number         0  stm32f10x_it.o ABSOLUTE
    library\src\misc.c                       0x00000000   Number         0  misc.o ABSOLUTE
    library\src\stm32f10x_adc.c              0x00000000   Number         0  stm32f10x_adc.o ABSOLUTE
    library\src\stm32f10x_bkp.c              0x00000000   Number         0  stm32f10x_bkp.o ABSOLUTE
    library\src\stm32f10x_can.c              0x00000000   Number         0  stm32f10x_can.o ABSOLUTE
    library\src\stm32f10x_cec.c              0x00000000   Number         0  stm32f10x_cec.o ABSOLUTE
    library\src\stm32f10x_crc.c              0x00000000   Number         0  stm32f10x_crc.o ABSOLUTE
    library\src\stm32f10x_dac.c              0x00000000   Number         0  stm32f10x_dac.o ABSOLUTE
    library\src\stm32f10x_dbgmcu.c           0x00000000   Number         0  stm32f10x_dbgmcu.o ABSOLUTE
    library\src\stm32f10x_dma.c              0x00000000   Number         0  stm32f10x_dma.o ABSOLUTE
    library\src\stm32f10x_exti.c             0x00000000   Number         0  stm32f10x_exti.o ABSOLUTE
    library\src\stm32f10x_flash.c            0x00000000   Number         0  stm32f10x_flash.o ABSOLUTE
    library\src\stm32f10x_fsmc.c             0x00000000   Number         0  stm32f10x_fsmc.o ABSOLUTE
    library\src\stm32f10x_gpio.c             0x00000000   Number         0  stm32f10x_gpio.o ABSOLUTE
    library\src\stm32f10x_i2c.c              0x00000000   Number         0  stm32f10x_i2c.o ABSOLUTE
    library\src\stm32f10x_iwdg.c             0x00000000   Number         0  stm32f10x_iwdg.o ABSOLUTE
    library\src\stm32f10x_pwr.c              0x00000000   Number         0  stm32f10x_pwr.o ABSOLUTE
    library\src\stm32f10x_rcc.c              0x00000000   Number         0  stm32f10x_rcc.o ABSOLUTE
    library\src\stm32f10x_rtc.c              0x00000000   Number         0  stm32f10x_rtc.o ABSOLUTE
    library\src\stm32f10x_sdio.c             0x00000000   Number         0  stm32f10x_sdio.o ABSOLUTE
    library\src\stm32f10x_spi.c              0x00000000   Number         0  stm32f10x_spi.o ABSOLUTE
    library\src\stm32f10x_tim.c              0x00000000   Number         0  stm32f10x_tim.o ABSOLUTE
    library\src\stm32f10x_usart.c            0x00000000   Number         0  stm32f10x_usart.o ABSOLUTE
    library\src\stm32f10x_wwdg.c             0x00000000   Number         0  stm32f10x_wwdg.o ABSOLUTE
    ucos\uC-CPU\cpu_a.asm                    0x00000000   Number         0  cpu_a.o ABSOLUTE
    ucos\uCOS-II\Ports\os_cpu_a.asm          0x00000000   Number         0  os_cpu_a.o ABSOLUTE
    ucos\uCOS-II\Ports\os_cpu_c.c            0x00000000   Number         0  os_cpu_c.o ABSOLUTE
    ucos\uCOS-II\Ports\os_dbg.c              0x00000000   Number         0  os_dbg.o ABSOLUTE
    ucos\uCOS-II\Source\os_core.c            0x00000000   Number         0  os_core.o ABSOLUTE
    ucos\uCOS-II\Source\os_flag.c            0x00000000   Number         0  os_flag.o ABSOLUTE
    ucos\uCOS-II\Source\os_mbox.c            0x00000000   Number         0  os_mbox.o ABSOLUTE
    ucos\uCOS-II\Source\os_mem.c             0x00000000   Number         0  os_mem.o ABSOLUTE
    ucos\uCOS-II\Source\os_mutex.c           0x00000000   Number         0  os_mutex.o ABSOLUTE
    ucos\uCOS-II\Source\os_q.c               0x00000000   Number         0  os_q.o ABSOLUTE
    ucos\uCOS-II\Source\os_sem.c             0x00000000   Number         0  os_sem.o ABSOLUTE
    ucos\uCOS-II\Source\os_task.c            0x00000000   Number         0  os_task.o ABSOLUTE
    ucos\uCOS-II\Source\os_time.c            0x00000000   Number         0  os_time.o ABSOLUTE
    ucos\uCOS-II\Source\os_tmr.c             0x00000000   Number         0  os_tmr.o ABSOLUTE
    RESET                                    0x08000000   Section      304  startup_stm32f10x_hd.o(RESET)
    .ARM.Collect$$$$00000000                 0x08000130   Section        0  entry.o(.ARM.Collect$$$$00000000)
    .ARM.Collect$$$$00000001                 0x08000130   Section        4  entry2.o(.ARM.Collect$$$$00000001)
    .ARM.Collect$$$$00000004                 0x08000134   Section        4  entry5.o(.ARM.Collect$$$$00000004)
    .ARM.Collect$$$$00000008                 0x08000138   Section        0  entry7b.o(.ARM.Collect$$$$00000008)
    .ARM.Collect$$$$00000009                 0x08000138   Section        8  entry8.o(.ARM.Collect$$$$00000009)
    .ARM.Collect$$$$00002712                 0x08000140   Section        4  entry2.o(.ARM.Collect$$$$00002712)
    __lit__00000000                          0x08000140   Data           4  entry2.o(.ARM.Collect$$$$00002712)
    .text                                    0x08000144   Section        0  main.o(.text)
    AppTaskStart                             0x08000145   Thumb Code    30  main.o(.text)
    .text                                    0x080001c8   Section        0  app_hooks.o(.text)
    .text                                    0x080001d8   Section        0  sci.o(.text)
    .text                                    0x08000274   Section       36  startup_stm32f10x_hd.o(.text)
    .text                                    0x08000298   Section        0  stm32f10x_it.o(.text)
    .text                                    0x080002b0   Section        0  os_cpu_c.o(.text)
    .text                                    0x08000420   Section      164  os_cpu_a.o(.text)
    .text                                    0x080004c4   Section        0  os_dbg.o(.text)
    .text                                    0x080005d8   Section        8  cpu_a.o(.text)
    .text                                    0x080005e0   Section        0  os_core.o(.text)
    OS_SchedNew                              0x08000757   Thumb Code    26  os_core.o(.text)
    OS_InitTaskStat                          0x08000bf1   Thumb Code    52  os_core.o(.text)
    OS_InitTaskIdle                          0x08000c45   Thumb Code    52  os_core.o(.text)
    OS_InitEventList                         0x08000c8b   Thumb Code    70  os_core.o(.text)
    OS_InitTCBList                           0x08000cd1   Thumb Code    86  os_core.o(.text)
    OS_InitRdyList                           0x08000d27   Thumb Code    46  os_core.o(.text)
    OS_InitMisc                              0x08000d55   Thumb Code    44  os_core.o(.text)
    .text                                    0x08001368   Section        0  os_flag.o(.text)
    OS_FlagTaskRdy                           0x080014fb   Thumb Code    96  os_flag.o(.text)
    OS_FlagBlock                             0x08001731   Thumb Code   152  os_flag.o(.text)
    .text                                    0x08001c30   Section        0  os_mem.o(.text)
    .text                                    0x08001eb8   Section        0  os_q.o(.text)
    .text                                    0x08002520   Section        0  os_sem.o(.text)
    .text                                    0x08002930   Section        0  os_task.o(.text)
    .text                                    0x080031c0   Section        0  os_time.o(.text)
    .text                                    0x080033b8   Section        0  os_tmr.o(.text)
    OSTmr_Unlock                             0x080033b9   Thumb Code    12  os_tmr.o(.text)
    OSTmr_Alloc                              0x080033c5   Thumb Code    50  os_tmr.o(.text)
    OSTmr_Lock                               0x080033f7   Thumb Code    16  os_tmr.o(.text)
    OSTmr_Free                               0x080034cf   Thumb Code    66  os_tmr.o(.text)
    OSTmr_Unlink                             0x08003511   Thumb Code    62  os_tmr.o(.text)
    OSTmr_Link                               0x08003789   Thumb Code   130  os_tmr.o(.text)
    OSTmr_Task                               0x08003973   Thumb Code   112  os_tmr.o(.text)
    OSTmr_InitTask                           0x080039e3   Thumb Code    50  os_tmr.o(.text)
    .text                                    0x08003b10   Section        0  system_stm32f10x.o(.text)
    SetSysClockTo72                          0x08003b11   Thumb Code   192  system_stm32f10x.o(.text)
    SetSysClock                              0x08003bd1   Thumb Code     8  system_stm32f10x.o(.text)
    .text                                    0x08003cd8   Section        0  stm32f10x_gpio.o(.text)
    .text                                    0x08004030   Section        0  stm32f10x_rcc.o(.text)
    .text                                    0x080043cc   Section        0  stm32f10x_usart.o(.text)
    .text                                    0x080047d4   Section       36  init.o(.text)
    i.__0printf$bare                         0x080047f8   Section        0  printfb.o(i.__0printf$bare)
    i.__scatterload_copy                     0x08004808   Section       14  handlers.o(i.__scatterload_copy)
    i.__scatterload_null                     0x08004816   Section        2  handlers.o(i.__scatterload_null)
    i.__scatterload_zeroinit                 0x08004818   Section       14  handlers.o(i.__scatterload_zeroinit)
    i._printf_core                           0x08004826   Section        0  printfb.o(i._printf_core)
    _printf_core                             0x08004827   Thumb Code    34  printfb.o(i._printf_core)
    .constdata                               0x08004848   Section       94  os_dbg.o(.constdata)
    .constdata                               0x080048a6   Section      256  os_core.o(.constdata)
    .data                                    0x20000000   Section        2  os_cpu_c.o(.data)
    OSTmrCtr                                 0x20000000   Data           2  os_cpu_c.o(.data)
    .data                                    0x20000004   Section       92  os_core.o(.data)
    .data                                    0x20000060   Section       20  system_stm32f10x.o(.data)
    .data                                    0x20000074   Section       20  stm32f10x_rcc.o(.data)
    APBAHBPrescTable                         0x20000074   Data          16  stm32f10x_rcc.o(.data)
    ADCPrescTable                            0x20000084   Data           4  stm32f10x_rcc.o(.data)
    .data                                    0x20000088   Section        4  stdout.o(.data)
    .bss                                     0x2000008c   Section      512  main.o(.bss)
    AppTaskStartStk                          0x2000008c   Data         512  main.o(.bss)
    .bss                                     0x2000028c   Section     4952  os_core.o(.bss)
    STACK                                    0x200015e8   Section     1024  startup_stm32f10x_hd.o(STACK)

    Global Symbols

    Symbol Name                              Value     Ov Type        Size  Object(Section)

    BuildAttributes$$THM_ISAv4$P$D$K$B$S$PE$A:L22UL41UL21$X:L11$S22US41US21$IEEE1$IW$USESV6$~STKCKD$USESV7$~SHL$OSPACE$ROPI$EBA8$MICROLIB$REQ8$PRES8$EABIv2 0x00000000   Number         0  anon$$obj.o ABSOLUTE
    __ARM_use_no_argv                        0x00000000   Number         0  main.o ABSOLUTE
    __decompress                              - Undefined Weak Reference
    _clock_init                               - Undefined Weak Reference
    __Vectors_Size                           0x00000130   Number         0  startup_stm32f10x_hd.o ABSOLUTE
    __Vectors                                0x08000000   Data           4  startup_stm32f10x_hd.o(RESET)
    __Vectors_End                            0x08000130   Data           0  startup_stm32f10x_hd.o(RESET)
    __main                                   0x08000131   Thumb Code     0  entry.o(.ARM.Collect$$$$00000000)
    _main_stk                                0x08000131   Thumb Code     0  entry2.o(.ARM.Collect$$$$00000001)
    _main_scatterload                        0x08000135   Thumb Code     0  entry5.o(.ARM.Collect$$$$00000004)
    __main_after_scatterload                 0x08000139   Thumb Code     0  entry5.o(.ARM.Collect$$$$00000004)
    _main_clock                              0x08000139   Thumb Code     0  entry7b.o(.ARM.Collect$$$$00000008)
    _main_init                               0x08000139   Thumb Code     0  entry8.o(.ARM.Collect$$$$00000009)
    main                                     0x08000163   Thumb Code    64  main.o(.text)
    App_TaskCreateHook                       0x080001c9   Thumb Code     2  app_hooks.o(.text)
    App_TaskDelHook                          0x080001cb   Thumb Code     2  app_hooks.o(.text)
    App_TaskIdleHook                         0x080001cd   Thumb Code     2  app_hooks.o(.text)
    App_TaskStatHook                         0x080001cf   Thumb Code     2  app_hooks.o(.text)
    App_TaskSwHook                           0x080001d1   Thumb Code     2  app_hooks.o(.text)
    App_TCBInitHook                          0x080001d3   Thumb Code     2  app_hooks.o(.text)
    App_TimeTickHook                         0x080001d5   Thumb Code     2  app_hooks.o(.text)
    USART1_Config                            0x080001d9   Thumb Code   114  sci.o(.text)
    fputc                                    0x0800024b   Thumb Code    32  sci.o(.text)
    Reset_Handler                            0x08000275   Thumb Code     8  startup_stm32f10x_hd.o(.text)
    PendSV_Handler                           0x0800028b   Thumb Code     2  startup_stm32f10x_hd.o(.text)
    SysTick_Handler                          0x0800028d   Thumb Code     2  startup_stm32f10x_hd.o(.text)
    ADC1_2_IRQHandler                        0x0800028f   Thumb Code     0  startup_stm32f10x_hd.o(.text)
    ADC3_IRQHandler                          0x0800028f   Thumb Code     0  startup_stm32f10x_hd.o(.text)
    CAN1_RX1_IRQHandler                      0x0800028f   Thumb Code     0  startup_stm32f10x_hd.o(.text)
    CAN1_SCE_IRQHandler                      0x0800028f   Thumb Code     0  startup_stm32f10x_hd.o(.text)
    DMA1_Channel1_IRQHandler                 0x0800028f   Thumb Code     0  startup_stm32f10x_hd.o(.text)
    DMA1_Channel2_IRQHandler                 0x0800028f   Thumb Code     0  startup_stm32f10x_hd.o(.text)
    DMA1_Channel3_IRQHandler                 0x0800028f   Thumb Code     0  startup_stm32f10x_hd.o(.text)
    DMA1_Channel4_IRQHandler                 0x0800028f   Thumb Code     0  startup_stm32f10x_hd.o(.text)
    DMA1_Channel5_IRQHandler                 0x0800028f   Thumb Code     0  startup_stm32f10x_hd.o(.text)
    DMA1_Channel6_IRQHandler                 0x0800028f   Thumb Code     0  startup_stm32f10x_hd.o(.text)
    DMA1_Channel7_IRQHandler                 0x0800028f   Thumb Code     0  startup_stm32f10x_hd.o(.text)
    DMA2_Channel1_IRQHandler                 0x0800028f   Thumb Code     0  startup_stm32f10x_hd.o(.text)
    DMA2_Channel2_IRQHandler                 0x0800028f   Thumb Code     0  startup_stm32f10x_hd.o(.text)
    DMA2_Channel3_IRQHandler                 0x0800028f   Thumb Code     0  startup_stm32f10x_hd.o(.text)
    DMA2_Channel4_5_IRQHandler               0x0800028f   Thumb Code     0  startup_stm32f10x_hd.o(.text)
    EXTI0_IRQHandler                         0x0800028f   Thumb Code     0  startup_stm32f10x_hd.o(.text)
    EXTI15_10_IRQHandler                     0x0800028f   Thumb Code     0  startup_stm32f10x_hd.o(.text)
    EXTI1_IRQHandler                         0x0800028f   Thumb Code     0  startup_stm32f10x_hd.o(.text)
    EXTI2_IRQHandler                         0x0800028f   Thumb Code     0  startup_stm32f10x_hd.o(.text)
    EXTI3_IRQHandler                         0x0800028f   Thumb Code     0  startup_stm32f10x_hd.o(.text)
    EXTI4_IRQHandler                         0x0800028f   Thumb Code     0  startup_stm32f10x_hd.o(.text)
    EXTI9_5_IRQHandler                       0x0800028f   Thumb Code     0  startup_stm32f10x_hd.o(.text)
    FLASH_IRQHandler                         0x0800028f   Thumb Code     0  startup_stm32f10x_hd.o(.text)
    FSMC_IRQHandler                          0x0800028f   Thumb Code     0  startup_stm32f10x_hd.o(.text)
    I2C1_ER_IRQHandler                       0x0800028f   Thumb Code     0  startup_stm32f10x_hd.o(.text)
    I2C1_EV_IRQHandler                       0x0800028f   Thumb Code     0  startup_stm32f10x_hd.o(.text)
    I2C2_ER_IRQHandler                       0x0800028f   Thumb Code     0  startup_stm32f10x_hd.o(.text)
    I2C2_EV_IRQHandler                       0x0800028f   Thumb Code     0  startup_stm32f10x_hd.o(.text)
    PVD_IRQHandler                           0x0800028f   Thumb Code     0  startup_stm32f10x_hd.o(.text)
    RCC_IRQHandler                           0x0800028f   Thumb Code     0  startup_stm32f10x_hd.o(.text)
    RTCAlarm_IRQHandler                      0x0800028f   Thumb Code     0  startup_stm32f10x_hd.o(.text)
    RTC_IRQHandler                           0x0800028f   Thumb Code     0  startup_stm32f10x_hd.o(.text)
    SDIO_IRQHandler                          0x0800028f   Thumb Code     0  startup_stm32f10x_hd.o(.text)
    SPI1_IRQHandler                          0x0800028f   Thumb Code     0  startup_stm32f10x_hd.o(.text)
    SPI2_IRQHandler                          0x0800028f   Thumb Code     0  startup_stm32f10x_hd.o(.text)
    SPI3_IRQHandler                          0x0800028f   Thumb Code     0  startup_stm32f10x_hd.o(.text)
    TAMPER_IRQHandler                        0x0800028f   Thumb Code     0  startup_stm32f10x_hd.o(.text)
    TIM1_BRK_IRQHandler                      0x0800028f   Thumb Code     0  startup_stm32f10x_hd.o(.text)
    TIM1_CC_IRQHandler                       0x0800028f   Thumb Code     0  startup_stm32f10x_hd.o(.text)
    TIM1_TRG_COM_IRQHandler                  0x0800028f   Thumb Code     0  startup_stm32f10x_hd.o(.text)
    TIM1_UP_IRQHandler                       0x0800028f   Thumb Code     0  startup_stm32f10x_hd.o(.text)
    TIM2_IRQHandler                          0x0800028f   Thumb Code     0  startup_stm32f10x_hd.o(.text)
    TIM3_IRQHandler                          0x0800028f   Thumb Code     0  startup_stm32f10x_hd.o(.text)
    TIM4_IRQHandler                          0x0800028f   Thumb Code     0  startup_stm32f10x_hd.o(.text)
    TIM5_IRQHandler                          0x0800028f   Thumb Code     0  startup_stm32f10x_hd.o(.text)
    TIM6_IRQHandler                          0x0800028f   Thumb Code     0  startup_stm32f10x_hd.o(.text)
    TIM7_IRQHandler                          0x0800028f   Thumb Code     0  startup_stm32f10x_hd.o(.text)
    TIM8_BRK_IRQHandler                      0x0800028f   Thumb Code     0  startup_stm32f10x_hd.o(.text)
    TIM8_CC_IRQHandler                       0x0800028f   Thumb Code     0  startup_stm32f10x_hd.o(.text)
    TIM8_TRG_COM_IRQHandler                  0x0800028f   Thumb Code     0  startup_stm32f10x_hd.o(.text)
    TIM8_UP_IRQHandler                       0x0800028f   Thumb Code     0  startup_stm32f10x_hd.o(.text)
    UART4_IRQHandler                         0x0800028f   Thumb Code     0  startup_stm32f10x_hd.o(.text)
    UART5_IRQHandler                         0x0800028f   Thumb Code     0  startup_stm32f10x_hd.o(.text)
    USART1_IRQHandler                        0x0800028f   Thumb Code     0  startup_stm32f10x_hd.o(.text)
    USART2_IRQHandler                        0x0800028f   Thumb Code     0  startup_stm32f10x_hd.o(.text)
    USART3_IRQHandler                        0x0800028f   Thumb Code     0  startup_stm32f10x_hd.o(.text)
    USBWakeUp_IRQHandler                     0x0800028f   Thumb Code     0  startup_stm32f10x_hd.o(.text)
    USB_HP_CAN1_TX_IRQHandler                0x0800028f   Thumb Code     0  startup_stm32f10x_hd.o(.text)
    USB_LP_CAN1_RX0_IRQHandler               0x0800028f   Thumb Code     0  startup_stm32f10x_hd.o(.text)
    WWDG_IRQHandler                          0x0800028f   Thumb Code     0  startup_stm32f10x_hd.o(.text)
    NMI_Handler                              0x08000299   Thumb Code     2  stm32f10x_it.o(.text)
    HardFault_Handler                        0x0800029b   Thumb Code     4  stm32f10x_it.o(.text)
    MemManage_Handler                        0x0800029f   Thumb Code     4  stm32f10x_it.o(.text)
    BusFault_Handler                         0x080002a3   Thumb Code     4  stm32f10x_it.o(.text)
    UsageFault_Handler                       0x080002a7   Thumb Code     4  stm32f10x_it.o(.text)
    SVC_Handler                              0x080002ab   Thumb Code     2  stm32f10x_it.o(.text)
    DebugMon_Handler                         0x080002ad   Thumb Code     2  stm32f10x_it.o(.text)
    OSInitHookBegin                          0x080002b1   Thumb Code     8  os_cpu_c.o(.text)
    OSInitHookEnd                            0x080002b9   Thumb Code     2  os_cpu_c.o(.text)
    OSTaskCreateHook                         0x080002bb   Thumb Code    12  os_cpu_c.o(.text)
    OSTaskDelHook                            0x080002c7   Thumb Code    12  os_cpu_c.o(.text)
    OSTaskIdleHook                           0x080002d3   Thumb Code     8  os_cpu_c.o(.text)
    OSTaskStatHook                           0x080002db   Thumb Code     8  os_cpu_c.o(.text)
    OSTaskStkInit                            0x080002e3   Thumb Code   154  os_cpu_c.o(.text)
    OSTaskSwHook                             0x0800037d   Thumb Code     8  os_cpu_c.o(.text)
    OSTCBInitHook                            0x08000385   Thumb Code    12  os_cpu_c.o(.text)
    OSTimeTickHook                           0x08000391   Thumb Code    34  os_cpu_c.o(.text)
    OS_CPU_SysTickHandler                    0x080003b3   Thumb Code    34  os_cpu_c.o(.text)
    OS_CPU_SysTickClkFreq                    0x080003d5   Thumb Code     4  os_cpu_c.o(.text)
    OS_CPU_SysTickInit                       0x080003d9   Thumb Code    56  os_cpu_c.o(.text)
    OS_CPU_SR_Save                           0x08000421   Thumb Code     0  os_cpu_a.o(.text)
    OS_CPU_SR_Restore                        0x08000429   Thumb Code     0  os_cpu_a.o(.text)
    OSStartHighRdy                           0x0800042f   Thumb Code     0  os_cpu_a.o(.text)
    OSCtxSw                                  0x0800044f   Thumb Code     0  os_cpu_a.o(.text)
    OSIntCtxSw                               0x08000459   Thumb Code     0  os_cpu_a.o(.text)
    OS_CPU_PendSVHandler                     0x08000463   Thumb Code     0  os_cpu_a.o(.text)
    OSDebugInit                              0x080004c5   Thumb Code    94  os_dbg.o(.text)
    IntDisAll                                0x080005d9   Thumb Code     0  cpu_a.o(.text)
    IntEnAll                                 0x080005dd   Thumb Code     0  cpu_a.o(.text)
    OS_StrCopy                               0x080005e1   Thumb Code    28  os_core.o(.text)
    OSEventNameGet                           0x080005fd   Thumb Code   126  os_core.o(.text)
    OS_StrLen                                0x0800067b   Thumb Code    20  os_core.o(.text)
    OSEventNameSet                           0x0800068f   Thumb Code   140  os_core.o(.text)
    OS_EventTaskRemoveMulti                  0x0800071b   Thumb Code    60  os_core.o(.text)
    OS_Sched                                 0x08000771   Thumb Code    86  os_core.o(.text)
    OS_EventTaskWaitMulti                    0x080007c7   Thumb Code   136  os_core.o(.text)
    OSEventPendMulti                         0x0800084f   Thumb Code   762  os_core.o(.text)
    OS_TaskStatStkChk                        0x08000b49   Thumb Code    54  os_core.o(.text)
    OS_TaskStat                              0x08000b7f   Thumb Code   114  os_core.o(.text)
    OS_TaskIdle                              0x08000c25   Thumb Code    32  os_core.o(.text)
    OS_MemClr                                0x08000c79   Thumb Code    18  os_core.o(.text)
    OSInit                                   0x08000d81   Thumb Code    56  os_core.o(.text)
    OSIntEnter                               0x08000db9   Thumb Code    28  os_core.o(.text)
    OSIntExit                                0x08000dd5   Thumb Code   252  os_core.o(.text)
    OSSchedLock                              0x08000ed1   Thumb Code    50  os_core.o(.text)
    OSSchedUnlock                            0x08000f03   Thumb Code    84  os_core.o(.text)
    OSStart                                  0x08000f57   Thumb Code    48  os_core.o(.text)
    OSStatInit                               0x08000f87   Thumb Code    62  os_core.o(.text)
    OSTimeTick                               0x08000fc5   Thumb Code   220  os_core.o(.text)
    OSVersion                                0x080010a1   Thumb Code     6  os_core.o(.text)
    OS_Dummy                                 0x080010a7   Thumb Code     2  os_core.o(.text)
    OS_EventTaskRemove                       0x080010a9   Thumb Code    42  os_core.o(.text)
    OS_EventTaskRdy                          0x080010d3   Thumb Code   132  os_core.o(.text)
    OS_EventTaskWait                         0x08001157   Thumb Code   112  os_core.o(.text)
    OS_EventWaitListInit                     0x080011c7   Thumb Code    28  os_core.o(.text)
    OS_MemCopy                               0x080011e3   Thumb Code    20  os_core.o(.text)
    OS_TCBInit                               0x080011f7   Thumb Code   356  os_core.o(.text)
    OSFlagAccept                             0x08001369   Thumb Code   268  os_flag.o(.text)
    OSFlagCreate                             0x08001475   Thumb Code    98  os_flag.o(.text)
    OS_FlagUnlink                            0x080014d7   Thumb Code    36  os_flag.o(.text)
    OSFlagDel                                0x0800155b   Thumb Code   240  os_flag.o(.text)
    OSFlagNameGet                            0x0800164b   Thumb Code   108  os_flag.o(.text)
    OSFlagNameSet                            0x080016b7   Thumb Code   122  os_flag.o(.text)
    OSFlagPend                               0x080017c9   Thumb Code   630  os_flag.o(.text)
    OSFlagPendGetFlagsRdy                    0x08001a3f   Thumb Code    26  os_flag.o(.text)
    OSFlagPost                               0x08001a59   Thumb Code   326  os_flag.o(.text)
    OSFlagQuery                              0x08001b9f   Thumb Code    64  os_flag.o(.text)
    OS_FlagInit                              0x08001bdf   Thumb Code    68  os_flag.o(.text)
    OSMemCreate                              0x08001c31   Thumb Code   166  os_mem.o(.text)
    OSMemGet                                 0x08001cd7   Thumb Code    78  os_mem.o(.text)
    OSMemNameGet                             0x08001d25   Thumb Code    88  os_mem.o(.text)
    OSMemNameSet                             0x08001d7d   Thumb Code   104  os_mem.o(.text)
    OSMemPut                                 0x08001de5   Thumb Code    66  os_mem.o(.text)
    OSMemQuery                               0x08001e27   Thumb Code    64  os_mem.o(.text)
    OS_MemInit                               0x08001e67   Thumb Code    68  os_mem.o(.text)
    OSQAccept                                0x08001eb9   Thumb Code   106  os_q.o(.text)
    OSQCreate                                0x08001f23   Thumb Code   150  os_q.o(.text)
    OSQDel                                   0x08001fb9   Thumb Code   270  os_q.o(.text)
    OSQFlush                                 0x080020c7   Thumb Code    52  os_q.o(.text)
    OSQPend                                  0x080020fb   Thumb Code   300  os_q.o(.text)
    OSQPendAbort                             0x08002227   Thumb Code   144  os_q.o(.text)
    OSQPost                                  0x080022b7   Thumb Code   142  os_q.o(.text)
    OSQPostFront                             0x08002345   Thumb Code   122  os_q.o(.text)
    OSQPostOpt                               0x080023bf   Thumb Code   188  os_q.o(.text)
    OSQQuery                                 0x0800247b   Thumb Code   112  os_q.o(.text)
    OS_QInit                                 0x080024eb   Thumb Code    46  os_q.o(.text)
    OSSemAccept                              0x08002521   Thumb Code    50  os_sem.o(.text)
    OSSemCreate                              0x08002553   Thumb Code    78  os_sem.o(.text)
    OSSemDel                                 0x080025a1   Thumb Code   236  os_sem.o(.text)
    OSSemPend                                0x0800268d   Thumb Code   246  os_sem.o(.text)
    OSSemPendAbort                           0x08002783   Thumb Code   144  os_sem.o(.text)
    OSSemPost                                0x08002813   Thumb Code    94  os_sem.o(.text)
    OSSemQuery                               0x08002871   Thumb Code    94  os_sem.o(.text)
    OSSemSet                                 0x080028cf   Thumb Code    80  os_sem.o(.text)
    OSTaskChangePrio                         0x08002931   Thumb Code   420  os_task.o(.text)
    OSTaskCreate                             0x08002ad5   Thumb Code   158  os_task.o(.text)
    OS_TaskStkClr                            0x08002b73   Thumb Code    26  os_task.o(.text)
    OSTaskCreateExt                          0x08002b8d   Thumb Code   180  os_task.o(.text)
    OSTaskDel                                0x08002c41   Thumb Code   368  os_task.o(.text)
    OSTaskDelReq                             0x08002db1   Thumb Code   112  os_task.o(.text)
    OSTaskNameGet                            0x08002e21   Thumb Code   148  os_task.o(.text)
    OSTaskNameSet                            0x08002eb5   Thumb Code   160  os_task.o(.text)
    OSTaskResume                             0x08002f55   Thumb Code   168  os_task.o(.text)
    OSTaskStkChk                             0x08002ffd   Thumb Code   150  os_task.o(.text)
    OSTaskSuspend                            0x08003093   Thumb Code   172  os_task.o(.text)
    OSTaskQuery                              0x0800313f   Thumb Code   128  os_task.o(.text)
    OSTimeDly                                0x080031c1   Thumb Code    96  os_time.o(.text)
    OSTimeDlyHMSM                            0x08003221   Thumb Code   160  os_time.o(.text)
    OSTimeDlyResume                          0x080032c1   Thumb Code   176  os_time.o(.text)
    OSTimeGet                                0x08003371   Thumb Code    24  os_time.o(.text)
    OSTimeSet                                0x08003389   Thumb Code    24  os_time.o(.text)
    OSTmrCreate                              0x08003407   Thumb Code   200  os_tmr.o(.text)
    OSTmrDel                                 0x0800354f   Thumb Code   142  os_tmr.o(.text)
    OSTmrNameGet                             0x080035dd   Thumb Code   142  os_tmr.o(.text)
    OSTmrRemainGet                           0x0800366b   Thumb Code   182  os_tmr.o(.text)
    OSTmrStateGet                            0x08003721   Thumb Code   104  os_tmr.o(.text)
    OSTmrStart                               0x0800380b   Thumb Code   146  os_tmr.o(.text)
    OSTmrStop                                0x0800389d   Thumb Code   198  os_tmr.o(.text)
    OSTmrSignal                              0x08003963   Thumb Code    16  os_tmr.o(.text)
    OSTmr_Init                               0x08003a15   Thumb Code   162  os_tmr.o(.text)
    SystemInit                               0x08003bd9   Thumb Code    78  system_stm32f10x.o(.text)
    SystemCoreClockUpdate                    0x08003c27   Thumb Code   142  system_stm32f10x.o(.text)
    GPIO_DeInit                              0x08003cd9   Thumb Code   172  stm32f10x_gpio.o(.text)
    GPIO_AFIODeInit                          0x08003d85   Thumb Code    20  stm32f10x_gpio.o(.text)
    GPIO_Init                                0x08003d99   Thumb Code   274  stm32f10x_gpio.o(.text)
    GPIO_StructInit                          0x08003eab   Thumb Code    16  stm32f10x_gpio.o(.text)
    GPIO_ReadInputDataBit                    0x08003ebb   Thumb Code    18  stm32f10x_gpio.o(.text)
    GPIO_ReadInputData                       0x08003ecd   Thumb Code     8  stm32f10x_gpio.o(.text)
    GPIO_ReadOutputDataBit                   0x08003ed5   Thumb Code    18  stm32f10x_gpio.o(.text)
    GPIO_ReadOutputData                      0x08003ee7   Thumb Code     8  stm32f10x_gpio.o(.text)
    GPIO_SetBits                             0x08003eef   Thumb Code     4  stm32f10x_gpio.o(.text)
    GPIO_ResetBits                           0x08003ef3   Thumb Code     4  stm32f10x_gpio.o(.text)
    GPIO_WriteBit                            0x08003ef7   Thumb Code    10  stm32f10x_gpio.o(.text)
    GPIO_Write                               0x08003f01   Thumb Code     4  stm32f10x_gpio.o(.text)
    GPIO_PinLockConfig                       0x08003f05   Thumb Code    18  stm32f10x_gpio.o(.text)
    GPIO_EventOutputConfig                   0x08003f17   Thumb Code    26  stm32f10x_gpio.o(.text)
    GPIO_EventOutputCmd                      0x08003f31   Thumb Code     6  stm32f10x_gpio.o(.text)
    GPIO_PinRemapConfig                      0x08003f37   Thumb Code   138  stm32f10x_gpio.o(.text)
    GPIO_EXTILineConfig                      0x08003fc1   Thumb Code    66  stm32f10x_gpio.o(.text)
    GPIO_ETH_MediaInterfaceConfig            0x08004003   Thumb Code     6  stm32f10x_gpio.o(.text)
    RCC_DeInit                               0x08004031   Thumb Code    64  stm32f10x_rcc.o(.text)
    RCC_HSEConfig                            0x08004071   Thumb Code    70  stm32f10x_rcc.o(.text)
    RCC_GetFlagStatus                        0x080040b7   Thumb Code    56  stm32f10x_rcc.o(.text)
    RCC_WaitForHSEStartUp                    0x080040ef   Thumb Code    48  stm32f10x_rcc.o(.text)
    RCC_AdjustHSICalibrationValue            0x0800411f   Thumb Code    20  stm32f10x_rcc.o(.text)
    RCC_HSICmd                               0x08004133   Thumb Code     6  stm32f10x_rcc.o(.text)
    RCC_PLLConfig                            0x08004139   Thumb Code    24  stm32f10x_rcc.o(.text)
    RCC_PLLCmd                               0x08004151   Thumb Code     6  stm32f10x_rcc.o(.text)
    RCC_SYSCLKConfig                         0x08004157   Thumb Code    18  stm32f10x_rcc.o(.text)
    RCC_GetSYSCLKSource                      0x08004169   Thumb Code    10  stm32f10x_rcc.o(.text)
    RCC_HCLKConfig                           0x08004173   Thumb Code    18  stm32f10x_rcc.o(.text)
    RCC_PCLK1Config                          0x08004185   Thumb Code    18  stm32f10x_rcc.o(.text)
    RCC_PCLK2Config                          0x08004197   Thumb Code    20  stm32f10x_rcc.o(.text)
    RCC_ITConfig                             0x080041ab   Thumb Code    26  stm32f10x_rcc.o(.text)
    RCC_USBCLKConfig                         0x080041c5   Thumb Code     6  stm32f10x_rcc.o(.text)
    RCC_ADCCLKConfig                         0x080041cb   Thumb Code    18  stm32f10x_rcc.o(.text)
    RCC_LSEConfig                            0x080041dd   Thumb Code    44  stm32f10x_rcc.o(.text)
    RCC_LSICmd                               0x08004209   Thumb Code     6  stm32f10x_rcc.o(.text)
    RCC_RTCCLKConfig                         0x0800420f   Thumb Code    12  stm32f10x_rcc.o(.text)
    RCC_RTCCLKCmd                            0x0800421b   Thumb Code     8  stm32f10x_rcc.o(.text)
    RCC_GetClocksFreq                        0x08004223   Thumb Code   192  stm32f10x_rcc.o(.text)
    RCC_AHBPeriphClockCmd                    0x080042e3   Thumb Code    26  stm32f10x_rcc.o(.text)
    RCC_APB2PeriphClockCmd                   0x080042fd   Thumb Code    26  stm32f10x_rcc.o(.text)
    RCC_APB1PeriphClockCmd                   0x08004317   Thumb Code    26  stm32f10x_rcc.o(.text)
    RCC_APB2PeriphResetCmd                   0x08004331   Thumb Code    26  stm32f10x_rcc.o(.text)
    RCC_APB1PeriphResetCmd                   0x0800434b   Thumb Code    26  stm32f10x_rcc.o(.text)
    RCC_BackupResetCmd                       0x08004365   Thumb Code     8  stm32f10x_rcc.o(.text)
    RCC_ClockSecuritySystemCmd               0x0800436d   Thumb Code     6  stm32f10x_rcc.o(.text)
    RCC_MCOConfig                            0x08004373   Thumb Code     6  stm32f10x_rcc.o(.text)
    RCC_ClearFlag                            0x08004379   Thumb Code    14  stm32f10x_rcc.o(.text)
    RCC_GetITStatus                          0x08004387   Thumb Code    20  stm32f10x_rcc.o(.text)
    RCC_ClearITPendingBit                    0x0800439b   Thumb Code     6  stm32f10x_rcc.o(.text)
    USART_DeInit                             0x080043cd   Thumb Code   134  stm32f10x_usart.o(.text)
    USART_Init                               0x08004453   Thumb Code   210  stm32f10x_usart.o(.text)
    USART_StructInit                         0x08004525   Thumb Code    24  stm32f10x_usart.o(.text)
    USART_ClockInit                          0x0800453d   Thumb Code    34  stm32f10x_usart.o(.text)
    USART_ClockStructInit                    0x0800455f   Thumb Code    12  stm32f10x_usart.o(.text)
    USART_Cmd                                0x0800456b   Thumb Code    24  stm32f10x_usart.o(.text)
    USART_ITConfig                           0x08004583   Thumb Code    74  stm32f10x_usart.o(.text)
    USART_DMACmd                             0x080045cd   Thumb Code    18  stm32f10x_usart.o(.text)
    USART_SetAddress                         0x080045df   Thumb Code    18  stm32f10x_usart.o(.text)
    USART_WakeUpConfig                       0x080045f1   Thumb Code    18  stm32f10x_usart.o(.text)
    USART_ReceiverWakeUpCmd                  0x08004603   Thumb Code    24  stm32f10x_usart.o(.text)
    USART_LINBreakDetectLengthConfig         0x0800461b   Thumb Code    18  stm32f10x_usart.o(.text)
    USART_LINCmd                             0x0800462d   Thumb Code    24  stm32f10x_usart.o(.text)
    USART_SendData                           0x08004645   Thumb Code     8  stm32f10x_usart.o(.text)
    USART_ReceiveData                        0x0800464d   Thumb Code    10  stm32f10x_usart.o(.text)
    USART_SendBreak                          0x08004657   Thumb Code    10  stm32f10x_usart.o(.text)
    USART_SetGuardTime                       0x08004661   Thumb Code    16  stm32f10x_usart.o(.text)
    USART_SetPrescaler                       0x08004671   Thumb Code    16  stm32f10x_usart.o(.text)
    USART_SmartCardCmd                       0x08004681   Thumb Code    24  stm32f10x_usart.o(.text)
    USART_SmartCardNACKCmd                   0x08004699   Thumb Code    24  stm32f10x_usart.o(.text)
    USART_HalfDuplexCmd                      0x080046b1   Thumb Code    24  stm32f10x_usart.o(.text)
    USART_OverSampling8Cmd                   0x080046c9   Thumb Code    22  stm32f10x_usart.o(.text)
    USART_OneBitMethodCmd                    0x080046df   Thumb Code    24  stm32f10x_usart.o(.text)
    USART_IrDAConfig                         0x080046f7   Thumb Code    18  stm32f10x_usart.o(.text)
    USART_IrDACmd                            0x08004709   Thumb Code    24  stm32f10x_usart.o(.text)
    USART_GetFlagStatus                      0x08004721   Thumb Code    26  stm32f10x_usart.o(.text)
    USART_ClearFlag                          0x0800473b   Thumb Code    18  stm32f10x_usart.o(.text)
    USART_GetITStatus                        0x0800474d   Thumb Code    84  stm32f10x_usart.o(.text)
    USART_ClearITPendingBit                  0x080047a1   Thumb Code    52  stm32f10x_usart.o(.text)
    __scatterload                            0x080047d5   Thumb Code    28  init.o(.text)
    __scatterload_rt2                        0x080047d5   Thumb Code     0  init.o(.text)
    __0printf$bare                           0x080047f9   Thumb Code     8  printfb.o(i.__0printf$bare)
    __1printf$bare                           0x080047f9   Thumb Code     0  printfb.o(i.__0printf$bare)
    __2printf                                0x080047f9   Thumb Code     0  printfb.o(i.__0printf$bare)
    __scatterload_copy                       0x08004809   Thumb Code    14  handlers.o(i.__scatterload_copy)
    __scatterload_null                       0x08004817   Thumb Code     2  handlers.o(i.__scatterload_null)
    __scatterload_zeroinit                   0x08004819   Thumb Code    14  handlers.o(i.__scatterload_zeroinit)
    OSDebugEn                                0x08004848   Data           2  os_dbg.o(.constdata)
    OSEndiannessTest                         0x0800484c   Data           4  os_dbg.o(.constdata)
    OSEventMax                               0x08004850   Data           2  os_dbg.o(.constdata)
    OSEventNameSize                          0x08004852   Data           2  os_dbg.o(.constdata)
    OSEventEn                                0x08004854   Data           2  os_dbg.o(.constdata)
    OSEventSize                              0x08004856   Data           2  os_dbg.o(.constdata)
    OSEventTblSize                           0x08004858   Data           2  os_dbg.o(.constdata)
    OSFlagEn                                 0x0800485a   Data           2  os_dbg.o(.constdata)
    OSFlagGrpSize                            0x0800485c   Data           2  os_dbg.o(.constdata)
    OSFlagNodeSize                           0x0800485e   Data           2  os_dbg.o(.constdata)
    OSFlagWidth                              0x08004860   Data           2  os_dbg.o(.constdata)
    OSFlagMax                                0x08004862   Data           2  os_dbg.o(.constdata)
    OSFlagNameSize                           0x08004864   Data           2  os_dbg.o(.constdata)
    OSLowestPrio                             0x08004866   Data           2  os_dbg.o(.constdata)
    OSMboxEn                                 0x08004868   Data           2  os_dbg.o(.constdata)
    OSMemEn                                  0x0800486a   Data           2  os_dbg.o(.constdata)
    OSMemMax                                 0x0800486c   Data           2  os_dbg.o(.constdata)
    OSMemNameSize                            0x0800486e   Data           2  os_dbg.o(.constdata)
    OSMemSize                                0x08004870   Data           2  os_dbg.o(.constdata)
    OSMemTblSize                             0x08004872   Data           2  os_dbg.o(.constdata)
    OSMutexEn                                0x08004874   Data           2  os_dbg.o(.constdata)
    OSPtrSize                                0x08004876   Data           2  os_dbg.o(.constdata)
    OSQEn                                    0x08004878   Data           2  os_dbg.o(.constdata)
    OSQMax                                   0x0800487a   Data           2  os_dbg.o(.constdata)
    OSQSize                                  0x0800487c   Data           2  os_dbg.o(.constdata)
    OSRdyTblSize                             0x0800487e   Data           2  os_dbg.o(.constdata)
    OSSemEn                                  0x08004880   Data           2  os_dbg.o(.constdata)
    OSStkWidth                               0x08004882   Data           2  os_dbg.o(.constdata)
    OSTaskCreateEn                           0x08004884   Data           2  os_dbg.o(.constdata)
    OSTaskCreateExtEn                        0x08004886   Data           2  os_dbg.o(.constdata)
    OSTaskDelEn                              0x08004888   Data           2  os_dbg.o(.constdata)
    OSTaskIdleStkSize                        0x0800488a   Data           2  os_dbg.o(.constdata)
    OSTaskProfileEn                          0x0800488c   Data           2  os_dbg.o(.constdata)
    OSTaskMax                                0x0800488e   Data           2  os_dbg.o(.constdata)
    OSTaskNameSize                           0x08004890   Data           2  os_dbg.o(.constdata)
    OSTaskStatEn                             0x08004892   Data           2  os_dbg.o(.constdata)
    OSTaskStatStkSize                        0x08004894   Data           2  os_dbg.o(.constdata)
    OSTaskStatStkChkEn                       0x08004896   Data           2  os_dbg.o(.constdata)
    OSTaskSwHookEn                           0x08004898   Data           2  os_dbg.o(.constdata)
    OSTCBPrioTblMax                          0x0800489a   Data           2  os_dbg.o(.constdata)
    OSTCBSize                                0x0800489c   Data           2  os_dbg.o(.constdata)
    OSTicksPerSec                            0x0800489e   Data           2  os_dbg.o(.constdata)
    OSTimeTickHookEn                         0x080048a0   Data           2  os_dbg.o(.constdata)
    OSVersionNbr                             0x080048a2   Data           2  os_dbg.o(.constdata)
    OSDataSize                               0x080048a4   Data           2  os_dbg.o(.constdata)
    OSUnMapTbl                               0x080048a6   Data         256  os_core.o(.constdata)
    Region$$Table$$Base                      0x080049a8   Number         0  anon$$obj.o(Region$$Table)
    Region$$Table$$Limit                     0x080049c8   Number         0  anon$$obj.o(Region$$Table)
    OSCtxSwCtr                               0x20000004   Data           4  os_core.o(.data)
    OSEventFreeList                          0x20000008   Data           4  os_core.o(.data)
    OSFlagFreeList                           0x2000000c   Data           4  os_core.o(.data)
    OSCPUUsage                               0x20000010   Data           1  os_core.o(.data)
    OSIdleCtrMax                             0x20000014   Data           4  os_core.o(.data)
    OSIdleCtrRun                             0x20000018   Data           4  os_core.o(.data)
    OSStatRdy                                0x2000001c   Data           1  os_core.o(.data)
    OSIntNesting                             0x2000001d   Data           1  os_core.o(.data)
    OSLockNesting                            0x2000001e   Data           1  os_core.o(.data)
    OSPrioCur                                0x2000001f   Data           1  os_core.o(.data)
    OSPrioHighRdy                            0x20000020   Data           1  os_core.o(.data)
    OSRdyGrp                                 0x20000021   Data           1  os_core.o(.data)
    OSRdyTbl                                 0x20000022   Data           4  os_core.o(.data)
    OSRunning                                0x20000026   Data           1  os_core.o(.data)
    OSTaskCtr                                0x20000027   Data           1  os_core.o(.data)
    OSIdleCtr                                0x20000028   Data           4  os_core.o(.data)
    OSTCBCur                                 0x2000002c   Data           4  os_core.o(.data)
    OSTCBFreeList                            0x20000030   Data           4  os_core.o(.data)
    OSTCBHighRdy                             0x20000034   Data           4  os_core.o(.data)
    OSTCBList                                0x20000038   Data           4  os_core.o(.data)
    OSTickStepState                          0x2000003c   Data           1  os_core.o(.data)
    OSMemFreeList                            0x20000040   Data           4  os_core.o(.data)
    OSQFreeList                              0x20000044   Data           4  os_core.o(.data)
    OSTime                                   0x20000048   Data           4  os_core.o(.data)
    OSTmrFree                                0x2000004c   Data           2  os_core.o(.data)
    OSTmrUsed                                0x2000004e   Data           2  os_core.o(.data)
    OSTmrTime                                0x20000050   Data           4  os_core.o(.data)
    OSTmrSem                                 0x20000054   Data           4  os_core.o(.data)
    OSTmrSemSignal                           0x20000058   Data           4  os_core.o(.data)
    OSTmrFreeList                            0x2000005c   Data           4  os_core.o(.data)
    SystemCoreClock                          0x20000060   Data           4  system_stm32f10x.o(.data)
    AHBPrescTable                            0x20000064   Data          16  system_stm32f10x.o(.data)
    __stdout                                 0x20000088   Data           4  stdout.o(.data)
    OSEventTbl                               0x2000028c   Data         320  os_core.o(.bss)
    OSFlagTbl                                0x200003cc   Data         140  os_core.o(.bss)
    OSTaskStatStk                            0x20000458   Data         512  os_core.o(.bss)
    OSTaskIdleStk                            0x20000658   Data         512  os_core.o(.bss)
    OSTCBPrioTbl                             0x20000858   Data         128  os_core.o(.bss)
    OSTCBTbl                                 0x200008d8   Data        1656  os_core.o(.bss)
    OSMemTbl                                 0x20000f50   Data         180  os_core.o(.bss)
    OSQTbl                                   0x20001004   Data          96  os_core.o(.bss)
    OSTmrTbl                                 0x20001064   Data         832  os_core.o(.bss)
    OSTmrTaskStk                             0x200013a4   Data         512  os_core.o(.bss)
    OSTmrWheelTbl                            0x200015a4   Data          64  os_core.o(.bss)
    __initial_sp                             0x200019e8   Data           0  startup_stm32f10x_hd.o(STACK)



==============================================================================

Memory Map of the image

  Image Entry point : 0x08000131

  Load Region LR_IROM1 (Base: 0x08000000, Size: 0x00004a54, Max: 0x00080000, ABSOLUTE)

    Execution Region ER_IROM1 (Base: 0x08000000, Size: 0x000049c8, Max: 0x00080000, ABSOLUTE)

    Base Addr    Size         Type   Attr      Idx    E Section Name        Object

    0x08000000   0x00000130   Data   RO          112    RESET               startup_stm32f10x_hd.o
    0x08000130   0x00000000   Code   RO          676  * .ARM.Collect$$$$00000000  mc_w.l(entry.o)
    0x08000130   0x00000004   Code   RO          939    .ARM.Collect$$$$00000001  mc_w.l(entry2.o)
    0x08000134   0x00000004   Code   RO          942    .ARM.Collect$$$$00000004  mc_w.l(entry5.o)
    0x08000138   0x00000000   Code   RO          944    .ARM.Collect$$$$00000008  mc_w.l(entry7b.o)
    0x08000138   0x00000008   Code   RO          945    .ARM.Collect$$$$00000009  mc_w.l(entry8.o)
    0x08000140   0x00000004   Code   RO          940    .ARM.Collect$$$$00002712  mc_w.l(entry2.o)
    0x08000144   0x00000084   Code   RO            1    .text               main.o
    0x080001c8   0x0000000e   Code   RO           82    .text               app_hooks.o
    0x080001d6   0x00000002   PAD
    0x080001d8   0x0000009c   Code   RO           94    .text               sci.o
    0x08000274   0x00000024   Code   RO          113    .text               startup_stm32f10x_hd.o
    0x08000298   0x00000016   Code   RO          118    .text               stm32f10x_it.o
    0x080002ae   0x00000002   PAD
    0x080002b0   0x00000170   Code   RO          133    .text               os_cpu_c.o
    0x08000420   0x000000a4   Code   RO          154    .text               os_cpu_a.o
    0x080004c4   0x00000114   Code   RO          157    .text               os_dbg.o
    0x080005d8   0x00000008   Code   RO          172    .text               cpu_a.o
    0x080005e0   0x00000d88   Code   RO          175    .text               os_core.o
    0x08001368   0x000008c8   Code   RO          195    .text               os_flag.o
    0x08001c30   0x00000288   Code   RO          219    .text               os_mem.o
    0x08001eb8   0x00000668   Code   RO          243    .text               os_q.o
    0x08002520   0x00000410   Code   RO          255    .text               os_sem.o
    0x08002930   0x0000088e   Code   RO          267    .text               os_task.o
    0x080031be   0x00000002   PAD
    0x080031c0   0x000001f8   Code   RO          279    .text               os_time.o
    0x080033b8   0x00000758   Code   RO          291    .text               os_tmr.o
    0x08003b10   0x000001c8   Code   RO          313    .text               system_stm32f10x.o
    0x08003cd8   0x00000358   Code   RO          518    .text               stm32f10x_gpio.o
    0x08004030   0x0000039c   Code   RO          575    .text               stm32f10x_rcc.o
    0x080043cc   0x00000408   Code   RO          649    .text               stm32f10x_usart.o
    0x080047d4   0x00000024   Code   RO          962    .text               mc_w.l(init.o)
    0x080047f8   0x00000010   Code   RO          680    i.__0printf$bare    mc_w.l(printfb.o)
    0x08004808   0x0000000e   Code   RO          974    i.__scatterload_copy  mc_w.l(handlers.o)
    0x08004816   0x00000002   Code   RO          975    i.__scatterload_null  mc_w.l(handlers.o)
    0x08004818   0x0000000e   Code   RO          976    i.__scatterload_zeroinit  mc_w.l(handlers.o)
    0x08004826   0x00000022   Code   RO          687    i._printf_core      mc_w.l(printfb.o)
    0x08004848   0x0000005e   Data   RO          158    .constdata          os_dbg.o
    0x080048a6   0x00000100   Data   RO          177    .constdata          os_core.o
    0x080049a6   0x00000002   PAD
    0x080049a8   0x00000020   Data   RO          972    Region$$Table       anon$$obj.o


    Execution Region RW_IRAM1 (Base: 0x20000000, Size: 0x000019e8, Max: 0x00010000, ABSOLUTE)

    Base Addr    Size         Type   Attr      Idx    E Section Name        Object

    0x20000000   0x00000002   Data   RW          134    .data               os_cpu_c.o
    0x20000002   0x00000002   PAD
    0x20000004   0x0000005c   Data   RW          178    .data               os_core.o
    0x20000060   0x00000014   Data   RW          314    .data               system_stm32f10x.o
    0x20000074   0x00000014   Data   RW          576    .data               stm32f10x_rcc.o
    0x20000088   0x00000004   Data   RW          946    .data               mc_w.l(stdout.o)
    0x2000008c   0x00000200   Zero   RW            2    .bss                main.o
    0x2000028c   0x00001358   Zero   RW          176    .bss                os_core.o
    0x200015e4   0x00000004   PAD
    0x200015e8   0x00000400   Zero   RW          110    STACK               startup_stm32f10x_hd.o


==============================================================================

Image component sizes


      Code (inc. data)   RO Data    RW Data    ZI Data      Debug   Object Name

        14          0          0          0          0       1087   app_hooks.o
         8          0          0          0          0        196   cpu_a.o
       132         38          0          0        512     241910   main.o
      3464        288        256         92       4952      20402   os_core.o
       164         32          0          0          0        276   os_cpu_a.o
       368         16          0          2          0      14207   os_cpu_c.o
       276        182         94          0          0       2753   os_dbg.o
      2248         40          0          0          0       6896   os_flag.o
       648         14          0          0          0       3260   os_mem.o
      1640         30          0          0          0       5629   os_q.o
      1040         18          0          0          0       3906   os_sem.o
      2190         66          0          0          0       6985   os_task.o
       504         24          0          0          0       1830   os_time.o
      1880        120          0          0          0       5857   os_tmr.o
       156         10          0          0          0       1934   sci.o
        36          8        304          0       1024        756   startup_stm32f10x_hd.o
       856         40          0          0          0       5481   stm32f10x_gpio.o
        22          0          0          0          0        963   stm32f10x_it.o
       924         44          0         20          0       8572   stm32f10x_rcc.o
      1032         22          0          0          0       8200   stm32f10x_usart.o
       456         36          0         20          0       1611   system_stm32f10x.o

    ----------------------------------------------------------------------
     18064       1028        688        136       6492     342711   Object Totals
         0          0         32          0          0          0   (incl. Generated)
         6          0          2          2          4          0   (incl. Padding)

    ----------------------------------------------------------------------

      Code (inc. data)   RO Data    RW Data    ZI Data      Debug   Library Member Name

         0          0          0          0          0          0   entry.o
         8          4          0          0          0          0   entry2.o
         4          0          0          0          0          0   entry5.o
         0          0          0          0          0          0   entry7b.o
         8          4          0          0          0          0   entry8.o
        30          0          0          0          0          0   handlers.o
        36          8          0          0          0         68   init.o
        50          8          0          0          0        152   printfb.o
         0          0          0          4          0          0   stdout.o

    ----------------------------------------------------------------------
       136         24          0          4          0        220   Library Totals
         0          0          0          0          0          0   (incl. Padding)

    ----------------------------------------------------------------------

      Code (inc. data)   RO Data    RW Data    ZI Data      Debug   Library Name

       136         24          0          4          0        220   mc_w.l

    ----------------------------------------------------------------------
       136         24          0          4          0        220   Library Totals

    ----------------------------------------------------------------------

==============================================================================


      Code (inc. data)   RO Data    RW Data    ZI Data      Debug   

     18200       1052        688        140       6492     341319   Grand Totals
     18200       1052        688        140       6492     341319   ELF Image Totals
     18200       1052        688        140          0          0   ROM Totals

==============================================================================

    Total RO  Size (Code + RO Data)                18888 (  18.45kB)
    Total RW  Size (RW Data + ZI Data)              6632 (   6.48kB)
    Total ROM Size (Code + RO Data + RW Data)      19028 (  18.58kB)

==============================================================================

